{
    "type": "object",
    "properties": {
        "password": {
            "type": "string"
        },
        "password_confirmed": {
            "type": "string"
        }
    }
}