{
    "type": "object",
    "properties": {
        "other_property": {
            "type": "string"
        }
    }
}