{
    "type": "object",
    "properties": {
        "array": {
            "type": "array",
            "items": {
                "type": "string"
            }
        }
    }
}