{
    "type": "object",
    "properties": {
        "nullable_property": {
            "type": [
                "null",
                "string"
            ]
        }
    }
}