{
    "type": "object",
    "properties": {
        "decimal_property": {
            "type": "number"
        }
    }
}