{
    "type": "object",
    "required": [
        "field1"
    ],
    "properties": {
        "field1": {
            "type": "string"
        }
    }
}