{
    "type": "object",
    "properties": {
        "strings": {
            "type": "string",
            "minLength": 6,
            "format": "uri"
        }
    }
}