{
    "type": "object",
    "required": [
        "required_property"
    ],
    "properties": {
        "required_property": [],
        "sometimes_required": []
    }
}