{
    "type": "object",
    "properties": {
        "custom": {
            "type": "array",
            "items": {
                "type": "integer"
            }
        }
    }
}